// Jest Snapshot v1, https://goo.gl/fbAQLP

exports[`workbench.html loads vscode-bootstrap module 1`] = `
"import { main } from '../main.js';

      main();"
`;
